// Jest Snapshot v1, https://goo.gl/fbAQLP

exports[`Header Component 1`] = `
<body>
  <div>
    <header
      class="MuiPaper-root MuiPaper-elevation4 MuiAppBar-root MuiAppBar-positionRelative MuiAppBar-colorPrimary"
    >
      <div
        class="MuiToolbar-root MuiToolbar-regular MuiToolbar-gutters"
      >
        <span
          aria-hidden="true"
          class="material-icons MuiIcon-root makeStyles-icon-1"
        >
          trending_up
        </span>
        <h6
          class="MuiTypography-root MuiTypography-h6 MuiTypography-colorInherit MuiTypography-noWrap"
        >
          ExchangeRates
        </h6>
      </div>
    </header>
  </div>
</body>
`;
